running egg_info
creating ../build/robot/robot.egg-info
writing ../build/robot/robot.egg-info/PKG-INFO
writing dependency_links to ../build/robot/robot.egg-info/dependency_links.txt
writing requirements to ../build/robot/robot.egg-info/requires.txt
writing top-level names to ../build/robot/robot.egg-info/top_level.txt
writing manifest file '../build/robot/robot.egg-info/SOURCES.txt'
reading manifest file '../build/robot/robot.egg-info/SOURCES.txt'
writing manifest file '../build/robot/robot.egg-info/SOURCES.txt'
running build
running build_py
creating /home/izunna/robot_ws/src/build/robot/build
creating /home/izunna/robot_ws/src/build/robot/build/lib
creating /home/izunna/robot_ws/src/build/robot/build/lib/robot
copying robot/__init__.py -> /home/izunna/robot_ws/src/build/robot/build/lib/robot
running install
running install_lib
creating /home/izunna/robot_ws/src/install/robot/lib/python3.12/site-packages/robot
copying /home/izunna/robot_ws/src/build/robot/build/lib/robot/__init__.py -> /home/izunna/robot_ws/src/install/robot/lib/python3.12/site-packages/robot
byte-compiling /home/izunna/robot_ws/src/install/robot/lib/python3.12/site-packages/robot/__init__.py to __init__.cpython-312.pyc
running install_data
creating /home/izunna/robot_ws/src/install/robot/share/ament_index
creating /home/izunna/robot_ws/src/install/robot/share/ament_index/resource_index
creating /home/izunna/robot_ws/src/install/robot/share/ament_index/resource_index/packages
copying resource/robot -> /home/izunna/robot_ws/src/install/robot/share/ament_index/resource_index/packages
copying package.xml -> /home/izunna/robot_ws/src/install/robot/share/robot
running install_egg_info
Copying ../build/robot/robot.egg-info to /home/izunna/robot_ws/src/install/robot/lib/python3.12/site-packages/robot-0.0.0-py3.12.egg-info
running install_scripts
writing list of installed files to '/home/izunna/robot_ws/src/build/robot/install.log'
