[1.449s] Invoking command in '/home/izunna/robot_ws/src/robot_controller': DEBUGINFOD_URLS=https://debuginfod.ubuntu.com PYTHONPATH=/home/izunna/robot_ws/src/build/robot/prefix_override:/usr/lib/python3/dist-packages/colcon_core/task/python/colcon_distutils_commands:/home/izunna/robot_ws/src/install/robot/lib/python3.12/site-packages:${PYTHONPATH} /usr/bin/python3 -W ignore:setup.py install is deprecated -W ignore:easy_install command is deprecated setup.py egg_info --egg-base ../build/robot build --build-base /home/izunna/robot_ws/src/build/robot/build install --record /home/izunna/robot_ws/src/build/robot/install.log --single-version-externally-managed install_data
[1.847s] running egg_info
[1.847s] creating ../build/robot/robot.egg-info
[1.872s] writing ../build/robot/robot.egg-info/PKG-INFO
[1.872s] writing dependency_links to ../build/robot/robot.egg-info/dependency_links.txt
[1.873s] writing requirements to ../build/robot/robot.egg-info/requires.txt
[1.873s] writing top-level names to ../build/robot/robot.egg-info/top_level.txt
[1.873s] writing manifest file '../build/robot/robot.egg-info/SOURCES.txt'
[1.929s] reading manifest file '../build/robot/robot.egg-info/SOURCES.txt'
[1.930s] writing manifest file '../build/robot/robot.egg-info/SOURCES.txt'
[1.930s] running build
[1.931s] running build_py
[1.931s] creating /home/izunna/robot_ws/src/build/robot/build
[1.931s] creating /home/izunna/robot_ws/src/build/robot/build/lib
[1.931s] creating /home/izunna/robot_ws/src/build/robot/build/lib/robot
[1.931s] copying robot/__init__.py -> /home/izunna/robot_ws/src/build/robot/build/lib/robot
[1.932s] running install
[1.942s] running install_lib
[1.968s] creating /home/izunna/robot_ws/src/install/robot/lib/python3.12/site-packages/robot
[1.968s] copying /home/izunna/robot_ws/src/build/robot/build/lib/robot/__init__.py -> /home/izunna/robot_ws/src/install/robot/lib/python3.12/site-packages/robot
[1.969s] byte-compiling /home/izunna/robot_ws/src/install/robot/lib/python3.12/site-packages/robot/__init__.py to __init__.cpython-312.pyc
[1.970s] running install_data
[1.970s] creating /home/izunna/robot_ws/src/install/robot/share/ament_index
[1.970s] creating /home/izunna/robot_ws/src/install/robot/share/ament_index/resource_index
[1.970s] creating /home/izunna/robot_ws/src/install/robot/share/ament_index/resource_index/packages
[1.970s] copying resource/robot -> /home/izunna/robot_ws/src/install/robot/share/ament_index/resource_index/packages
[1.970s] copying package.xml -> /home/izunna/robot_ws/src/install/robot/share/robot
[1.970s] running install_egg_info
[1.998s] Copying ../build/robot/robot.egg-info to /home/izunna/robot_ws/src/install/robot/lib/python3.12/site-packages/robot-0.0.0-py3.12.egg-info
[1.999s] running install_scripts
[2.196s] writing list of installed files to '/home/izunna/robot_ws/src/build/robot/install.log'
[2.286s] Invoked command in '/home/izunna/robot_ws/src/robot_controller' returned '0': DEBUGINFOD_URLS=https://debuginfod.ubuntu.com PYTHONPATH=/home/izunna/robot_ws/src/build/robot/prefix_override:/usr/lib/python3/dist-packages/colcon_core/task/python/colcon_distutils_commands:/home/izunna/robot_ws/src/install/robot/lib/python3.12/site-packages:${PYTHONPATH} /usr/bin/python3 -W ignore:setup.py install is deprecated -W ignore:easy_install command is deprecated setup.py egg_info --egg-base ../build/robot build --build-base /home/izunna/robot_ws/src/build/robot/build install --record /home/izunna/robot_ws/src/build/robot/install.log --single-version-externally-managed install_data
